$ next build --webpack
   Γû▓ Next.js 16.0.10 (webpack)
   - Environments: .env.local

   Creating an optimized production build ...
 Γ£ô (pwa) Compiling for server...
 Γ£ô (pwa) Compiling for server...
 Γ£ô (pwa) Compiling for client (static)...
 Γùï (pwa) Service worker: E:\projects\english-mastery\public\sw.js
 Γùï (pwa)   URL: /sw.js
 Γùï (pwa)   Scope: /
Error: Could not resolve value for theme function: `theme(colors.accent.glow)`. Consider checking if the path is correct or provide a fallback value to silence this error.
    at ignore-listed frames
<w> [webpack.cache.PackFileCacheStrategy] Skipped not serializable cache item 'Compilation/modules|E:\projects\english-mastery\node_modules\next\dist\build\webpack\loaders\css-loader\src\index.js??ruleSet[1].rules[15].oneOf[10].use[2]!E:\projects\english-mastery\node_modules\next\dist\build\webpack\loaders\postcss-loader\src\index.js??ruleSet[1].rules[15].oneOf[10].use[3]!E:\projects\english-mastery\app\globals.css': No serializer registered for PostCSSSyntaxError
<w> while serializing webpack/lib/cache/PackFileCacheStrategy.PackContentItems -> webpack/lib/NormalModule -> webpack/lib/ModuleBuildError -> PostCSSSyntaxError
Failed to compile.

./app/globals.css:1:1
Syntax error: tailwindcss: E:\projects\english-mastery\app\globals.css Could not resolve value for theme function: `theme(colors.accent.glow)`. Consider checking if the path is correct or provide a fallback value to silence this error.

> 1 | @tailwind base;
    | ^
  2 | @tailwind components;
  3 | @tailwind utilities;

./app/globals.css
Syntax error: tailwindcss: E:\projects\english-mastery\app\globals.css Could not resolve value for theme function: `theme(colors.accent.glow)`. Consider checking if the path is correct or provide a fallback value to silence this error. (1:1)

> 1 | @tailwind base;
    | ^
  2 | @tailwind components;
  3 | @tailwind utilities;

    at tryRunOrWebpackError (E:\projects\english-mastery\node_modules\next\dist\compiled\webpack\bundle5.js:29:316134)
    at __webpack_require_module__ (E:\projects\english-mastery\node_modules\next\dist\compiled\webpack\bundle5.js:29:131536)
    at __nested_webpack_require_161494__ (E:\projects\english-mastery\node_modules\next\dist\compiled\webpack\bundle5.js:29:130971)
    at E:\projects\english-mastery\node_modules\next\dist\compiled\webpack\bundle5.js:29:131828
    at symbolIterator (E:\projects\english-mastery\node_modules\next\dist\compiled\neo-async\async.js:1:14444)
    at done (E:\projects\english-mastery\node_modules\next\dist\compiled\neo-async\async.js:1:14824)
    at Hook.eval [as callAsync] (eval at create (E:\projects\english-mastery\node_modules\next\dist\compiled\webpack\bundle5.js:14:9224), <anonymous>:15:1)
    at Hook.CALL_ASYNC_DELEGATE [as _callAsync] (E:\projects\english-mastery\node_modules\next\dist\compiled\webpack\bundle5.js:14:6378)
    at E:\projects\english-mastery\node_modules\next\dist\compiled\webpack\bundle5.js:29:130691
    at symbolIterator (E:\projects\english-mastery\node_modules\next\dist\compiled\neo-async\async.js:1:14402)
-- inner error --
Syntax error: tailwindcss: E:\projects\english-mastery\app\globals.css Could not resolve value for theme function: `theme(colors.accent.glow)`. Consider checking if the path is correct or provide a fallback value to silence this error. (1:1)

> 1 | @tailwind base;
    | ^
  2 | @tailwind components;
  3 | @tailwind utilities;

    at Object.<anonymous> (E:\projects\english-mastery\node_modules\next\dist\build\webpack\loaders\css-loader\src\index.js??ruleSet[1].rules[15].oneOf[10].use[2]!E:\projects\english-mastery\node_modules\next\dist\build\webpack\loaders\postcss-loader\src\index.js??ruleSet[1].rules[15].oneOf[10].use[3]!E:\projects\english-mastery\app\globals.css:1:7)
    at E:\projects\english-mastery\node_modules\next\dist\compiled\webpack\bundle5.js:29:962757
    at Hook.eval [as call] (eval at create (E:\projects\english-mastery\node_modules\next\dist\compiled\webpack\bundle5.js:14:9002), <anonymous>:7:1)
    at Hook.CALL_DELEGATE [as _call] (E:\projects\english-mastery\node_modules\next\dist\compiled\webpack\bundle5.js:14:6272)
    at E:\projects\english-mastery\node_modules\next\dist\compiled\webpack\bundle5.js:29:131569
    at tryRunOrWebpackError (E:\projects\english-mastery\node_modules\next\dist\compiled\webpack\bundle5.js:29:316088)
    at __webpack_require_module__ (E:\projects\english-mastery\node_modules\next\dist\compiled\webpack\bundle5.js:29:131536)
    at __nested_webpack_require_161494__ (E:\projects\english-mastery\node_modules\next\dist\compiled\webpack\bundle5.js:29:130971)
    at E:\projects\english-mastery\node_modules\next\dist\compiled\webpack\bundle5.js:29:131828
    at symbolIterator (E:\projects\english-mastery\node_modules\next\dist\compiled\neo-async\async.js:1:14444)

Generated code for E:\projects\english-mastery\node_modules\next\dist\build\webpack\loaders\css-loader\src\index.js??ruleSet[1].rules[15].oneOf[10].use[2]!E:\projects\english-mastery\node_modules\next\dist\build\webpack\loaders\postcss-loader\src\index.js??ruleSet[1].rules[15].oneOf[10].use[3]!E:\projects\english-mastery\app\globals.css

Import trace for requested module:
./app/globals.css


> Build failed because of webpack errors
error: script "build" exited with code 1
